=== TITLE ===
Anichin – Fansub Donghua Subtitle Indonesia
=== ITEMS ===
Item: <div class="bsx"> <a href="https://anichin.cafe/renegade-immortal-episode-145-subtitle-indonesia/" itemprop="url" title="Renegade Immortal Episode 145 Subtitle Indonesia" class="tip" rel="3818">  <div class="limit">   <div class="typez Donghua">    Donghua   </div>   <div class="ply">    <i class="far fa-play-circle"></i>   </div>   <div class="bt">    <span class="epx">Ep 145</span> <span class="sb Sub">Sub</span>   </div><img src="https://anichin.cafe/wp-content/uploads/2023/09/Renegade-Immortal-sub-indo.webp" class="ts-post-image wp-post-image attachment-medium_large size-medium_large" loading="lazy" itemprop="image" title="Renegade Immortal Episode 145 Subtitle Indonesia" alt="Renegade Immortal Episode 145 Subtitle Indonesia" width="345" height="518">  </div>  <div class="tt">   Renegade Immortal    <h2 itemprop="headline">Renegade Immortal Episode 145 Subtitle Indonesia</h2>  </div></a></div>
Item: <a href="https://anichin.cafe/renegade-immortal-episode-145-subtitle-indonesia/" itemprop="url" title="Renegade Immortal Episode 145 Subtitle Indonesia" class="tip" rel="3818"> <div class="limit">  <div class="typez Donghua">   Donghua  </div>  <div class="ply">   <i class="far fa-play-circle"></i>  </div>  <div class="bt">   <span class="epx">Ep 145</span> <span class="sb Sub">Sub</span>  </div><img src="https://anichin.cafe/wp-content/uploads/2023/09/Renegade-Immortal-sub-indo.webp" class="ts-post-image wp-post-image attachment-medium_large size-medium_large" loading="lazy" itemprop="image" title="Renegade Immortal Episode 145 Subtitle Indonesia" alt="Renegade Immortal Episode 145 Subtitle Indonesia" width="345" height="518"> </div> <div class="tt">  Renegade Immortal   <h2 itemprop="headline">Renegade Immortal Episode 145 Subtitle Indonesia</h2> </div></a>
Item: <div class="bsx"> <a href="https://anichin.cafe/tomb-of-fallen-gods-season-3-episode-47-subtitle-indonesia/" itemprop="url" title="Tomb of Fallen Gods Season 3 Episode 47 Subtitle Indonesia" class="tip" rel="26119">  <div class="limit">   <div class="typez Donghua">    Donghua   </div>   <div class="ply">    <i class="far fa-play-circle"></i>   </div>   <div class="bt">    <span class="epx">Ep 47</span> <span class="sb Sub">Sub</span>   </div><img src="https://anichin.cafe/wp-content/uploads/2025/08/Tomb-of-Fallen-Gods-Season-3.webp" class="ts-post-image wp-post-image attachment-medium_large size-medium_large" loading="lazy" itemprop="image" title="Tomb of Fallen Gods Season 3 Episode 47 Subtitle Indonesia" alt="Tomb of Fallen Gods Season 3 Episode 47 Subtitle Indonesia" width="732" height="976">  </div>  <div class="tt">   Tomb of Fallen Gods Season 3    <h2 itemprop="headline">Tomb of Fallen Gods Season 3 Episode 47 Subtitle Indonesia</h2>  </div></a></div>
Item: <a href="https://anichin.cafe/tomb-of-fallen-gods-season-3-episode-47-subtitle-indonesia/" itemprop="url" title="Tomb of Fallen Gods Season 3 Episode 47 Subtitle Indonesia" class="tip" rel="26119"> <div class="limit">  <div class="typez Donghua">   Donghua  </div>  <div class="ply">   <i class="far fa-play-circle"></i>  </div>  <div class="bt">   <span class="epx">Ep 47</span> <span class="sb Sub">Sub</span>  </div><img src="https://anichin.cafe/wp-content/uploads/2025/08/Tomb-of-Fallen-Gods-Season-3.webp" class="ts-post-image wp-post-image attachment-medium_large size-medium_large" loading="lazy" itemprop="image" title="Tomb of Fallen Gods Season 3 Episode 47 Subtitle Indonesia" alt="Tomb of Fallen Gods Season 3 Episode 47 Subtitle Indonesia" width="732" height="976"> </div> <div class="tt">  Tomb of Fallen Gods Season 3   <h2 itemprop="headline">Tomb of Fallen Gods Season 3 Episode 47 Subtitle Indonesia</h2> </div></a>
Item: <div class="bsx"> <a href="https://anichin.cafe/a-record-of-a-mortals-journey-to-immortality-episode-178-subtitle-indonesia/" itemprop="url" title="A Record of A Mortal’s Journey to Immortality Episode 178 Subtitle Indonesia" class="tip" rel="487">  <div class="limit">   <div class="typez Donghua">    Donghua   </div>   <div class="ply">    <i class="far fa-play-circle"></i>   </div>   <div class="bt">    <span class="epx">Ep 178</span> <span class="sb Sub">Sub</span>   </div><img src="https://anichin.cafe/wp-content/uploads/2023/08/A-Record-of-a-Mortals-Journey-to-Immortality.webp" class="ts-post-image wp-post-image attachment-medium_large size-medium_large" loading="lazy" itemprop="image" title="A Record of A Mortal’s Journey to Immortality Episode 178 Subtitle Indonesia" alt="A Record of A Mortal’s Journey to Immortality Episode 178 Subtitle Indonesia" width="345" height="524">  </div>  <div class="tt">   A Record of A Mortal’s Journey to Immortality    <h2 itemprop="headline">A Record of A Mortal’s Journey to Immortality Episode 178 Subtitle Indonesia</h2>  </div></a></div>
